Speed: 14.998866 creatures/sec. Server status: 21:26:41: 6787x RT, 113.1 creatures/sec. Fitness: best=1520.3, avg=1062.4, new=(qd-mutate=660.0). MAP-Elites(8x8, morphologies=3): occupied=33, pending=192, in flight=40
Speed: 14.999991 creatures/sec. Server status: 21:26:44: 7414x RT, 123.6 creatures/sec. Fitness: best=1520.3, avg=1062.4, new=(qd-mutate=690.1). MAP-Elites(8x8, morphologies=3): occupied=33, pending=192, in flight=40
Speed: 14.999989 creatures/sec. Server status: 21:26:44: 7414x RT, 123.6 creatures/sec. Fitness: best=1520.3, avg=1062.4, new=(qd-mutate=690.1). MAP-Elites(8x8, morphologies=3): occupied=33, pending=192, in flight=40
Speed: 13.799987 creatures/sec. Server status: 21:26:52: 6921x RT, 115.4 creatures/sec. Fitness: best=1520.3, avg=1062.4, new=(qd-mutate=683.4). MAP-Elites(8x8, morphologies=3): occupied=33, pending=192, in flight=40
Speed: 13.999968 creatures/sec. Server status: 21:26:52: 6921x RT, 115.4 creatures/sec. Fitness: best=1520.3, avg=1062.4, new=(qd-mutate=683.4). MAP-Elites(8x8, morphologies=3): occupied=33, pending=192, in flight=40
Speed: 13.999965 creatures/sec. Server status: 21:26:52: 6921x RT, 115.4 creatures/sec. Fitness: best=1520.3, avg=1062.4, new=(qd-mutate=683.4). MAP-Elites(8x8, morphologies=3): occupied=33, pending=192, in flight=40
Speed: 13.899962 creatures/sec. Server status: 21:26:52: 6921x RT, 115.4 creatures/sec. Fitness: best=1520.3, avg=1062.4, new=(qd-mutate=683.4). MAP-Elites(8x8, morphologies=3): occupied=33, pending=192, in flight=40
Speed: 14.299984 creatures/sec. Server status: 21:26:52: 6921x RT, 115.4 creatures/sec. Fitness: best=1520.3, avg=1062.4, new=(qd-mutate=683.4). MAP-Elites(8x8, morphologies=3): occupied=33, pending=192, in flight=40
Speed: 13.799989 creatures/sec. Server status: 21:26:52: 6921x RT, 115.4 creatures/sec. Fitness: best=1520.3, avg=1062.4, new=(qd-mutate=683.4). MAP-Elites(8x8, morphologies=3): occupied=33, pending=192, in flight=40
Speed: 13.899987 creatures/sec. Server status: 21:26:52: 6921x RT, 115.4 creatures/sec. Fitness: best=1520.3, avg=1062.4, new=(qd-mutate=683.4). MAP-Elites(8x8, morphologies=3): occupied=33, pending=192, in flight=40
Speed: 13.999990 creatures/sec. Server status: 21:26:52: 6921x RT, 115.4 creatures/sec. Fitness: best=1520.3, avg=1062.4, new=(qd-mutate=683.4). MAP-Elites(8x8, morphologies=3): occupied=33, pending=192, in flight=40
Speed: 14.799987 creatures/sec. Server status: 21:27:00: 7184x RT, 119.7 creatures/sec. Fitness: best=1520.3, avg=1062.4, new=(qd-mutate=678.1). MAP-Elites(8x8, morphologies=3): occupied=33, pending=192, in flight=40
Speed: 14.599979 creatures/sec. Server status: 21:27:00: 7184x RT, 119.7 creatures/sec. Fitness: best=1520.3, avg=1062.4, new=(qd-mutate=678.1). MAP-Elites(8x8, morphologies=3): occupied=33, pending=192, in flight=40
Speed: 14.899994 creatures/sec. Server status: 21:27:00: 7184x RT, 119.7 creatures/sec. Fitness: best=1520.3, avg=1062.4, new=(qd-mutate=678.1). MAP-Elites(8x8, morphologies=3): occupied=33, pending=192, in flight=40
Speed: 14.599983 creatures/sec. Server status: 21:27:00: 7184x RT, 119.7 creatures/sec. Fitness: best=1520.3, avg=1062.4, new=(qd-mutate=678.1). MAP-Elites(8x8, morphologies=3): occupied=33, pending=192, in flight=40
Speed: 14.999900 creatures/sec. Server status: 21:27:00: 7184x RT, 119.7 creatures/sec. Fitness: best=1520.3, avg=1062.4, new=(qd-mutate=678.1). MAP-Elites(8x8, morphologies=3): occupied=33, pending=192, in flight=40
Speed: 14.999987 creatures/sec. Server status: 21:27:00: 7184x RT, 119.7 creatures/sec. Fitness: best=1520.3, avg=1062.4, new=(qd-mutate=678.1). MAP-Elites(8x8, morphologies=3): occupied=33, pending=192, in flight=40
Speed: 14.899957 creatures/sec. Server status: 21:27:02: 7065x RT, 117.8 creatures/sec. Fitness: best=1520.3, avg=1062.4, new=(qd-mutate=714.5). MAP-Elites(8x8, morphologies=3): occupied=33, pending=192, in flight=40
Speed: 14.999994 creatures/sec. Server status: 21:27:02: 7065x RT, 117.8 creatures/sec. Fitness: best=1520.3, avg=1062.4, new=(qd-mutate=714.5). MAP-Elites(8x8, morphologies=3): occupied=33, pending=192, in flight=40
Speed: 14.800000 creatures/sec. Server status: 21:27:10: 7259x RT, 121.0 creatures/sec. Fitness: best=1520.3, avg=1062.4, new=(qd-mutate=684.3). MAP-Elites(8x8, morphologies=3): occupied=33, pending=192, in flight=40
Speed: 14.799984 creatures/sec. Server status: 21:27:10: 7259x RT, 121.0 creatures/sec. Fitness: best=1520.3, avg=1062.4, new=(qd-mutate=684.3). MAP-Elites(8x8, morphologies=3): occupied=33, pending=192, in flight=40
Speed: 14.799984 creatures/sec. Server status: 21:27:10: 7259x RT, 121.0 creatures/sec. Fitness: best=1520.3, avg=1062.4, new=(qd-mutate=684.3). MAP-Elites(8x8, morphologies=3): occupied=33, pending=192, in flight=40
Speed: 14.599950 creatures/sec. Server status: 21:27:10: 7259x RT, 121.0 creatures/sec. Fitness: best=1520.3, avg=1062.4, new=(qd-mutate=684.3). MAP-Elites(8x8, morphologies=3): occupied=33, pending=192, in flight=40
Speed: 14.800000 creatures/sec. Server status: 21:27:10: 7259x RT, 121.0 creatures/sec. Fitness: best=1520.3, avg=1062.4, new=(qd-mutate=684.3). MAP-Elites(8x8, morphologies=3): occupied=33, pending=192, in flight=40
Speed: 14.899994 creatures/sec. Server status: 21:27:10: 7259x RT, 121.0 creatures/sec. Fitness: best=1520.3, avg=1062.4, new=(qd-mutate=684.3). MAP-Elites(8x8, morphologies=3): occupied=33, pending=192, in flight=40
Speed: 14.799997 creatures/sec. Server status: 21:27:12: 7305x RT, 121.8 creatures/sec. Fitness: best=1520.3, avg=1062.4, new=(qd-mutate=666.1). MAP-Elites(8x8, morphologies=3): occupied=33, pending=192, in flight=40
Speed: 14.899987 creatures/sec. Server status: 21:27:12: 7305x RT, 121.8 creatures/sec. Fitness: best=1520.3, avg=1062.4, new=(qd-mutate=666.1). MAP-Elites(8x8, morphologies=3): occupied=33, pending=192, in flight=40
Exception occured during communications: connect: Connection refused [system:61 at /opt/homebrew/include/boost/asio/detail/reactive_socket_service.hpp:587:33 in function 'connect']
Increasing queue sizes from 32 to 64.
Exception occured during communications: connect: Connection refused [system:61 at /opt/homebrew/include/boost/asio/detail/reactive_socket_service.hpp:587:33 in function 'connect']
Exception occured during communications: connect: Connection refused [system:61 at /opt/homebrew/include/boost/asio/detail/reactive_socket_service.hpp:587:33 in function 'connect']
Exception occured during communications: connect: Connection refused [system:61 at /opt/homebrew/include/boost/asio/detail/reactive_socket_service.hpp:587:33 in function 'connect']
Exception occured during communications: connect: Connection refused [system:61 at /opt/homebrew/include/boost/asio/detail/reactive_socket_service.hpp:587:33 in function 'connect']
Exception occured during communications: connect: Connection refused [system:61 at /opt/homebrew/include/boost/asio/detail/reactive_socket_service.hpp:587:33 in function 'connect']
Exception occured during communications: connect: Connection refused [system:61 at /opt/homebrew/include/boost/asio/detail/reactive_socket_service.hpp:587:33 in function 'connect']
Exception occured during communications: connect: Connection refused [system:61 at /opt/homebrew/include/boost/asio/detail/reactive_socket_service.hpp:587:33 in function 'connect']
Exception occured during communications: connect: Connection refused [system:61 at /opt/homebrew/include/boost/asio/detail/reactive_socket_service.hpp:587:33 in function 'connect']
Exception occured during communications: connect: Connection refused [system:61 at /opt/homebrew/include/boost/asio/detail/reactive_socket_service.hpp:587:33 in function 'connect']
Exception occured during communications: connect: Connection refused [system:61 at /opt/homebrew/include/boost/asio/detail/reactive_socket_service.hpp:587:33 in function 'connect']
Exception occured during communications: connect: Connection refused [system:61 at /opt/homebrew/include/boost/asio/detail/reactive_socket_service.hpp:587:33 in function 'connect']
Exception occured during communications: connect: Connection refused [system:61 at /opt/homebrew/include/boost/asio/detail/reactive_socket_service.hpp:587:33 in function 'connect']
Exception occured during communications: connect: Connection refused [system:61 at /opt/homebrew/include/boost/asio/detail/reactive_socket_service.hpp:587:33 in function 'connect']
Exception occured during communications: connect: Connection refused [system:61 at /opt/homebrew/include/boost/asio/detail/reactive_socket_service.hpp:587:33 in function 'connect']
Exception occured during communications: connect: Connection refused [system:61 at /opt/homebrew/include/boost/asio/detail/reactive_socket_service.hpp:587:33 in function 'connect']
Exception occured during communications: connect: Connection refused [system:61 at /opt/homebrew/include/boost/asio/detail/reactive_socket_service.hpp:587:33 in function 'connect']
Exception occured during communications: connect: Connection refused [system:61 at /opt/homebrew/include/boost/asio/detail/reactive_socket_service.hpp:587:33 in function 'connect']
Exception occured during communications: connect: Connection refused [system:61 at /opt/homebrew/include/boost/asio/detail/reactive_socket_service.hpp:587:33 in function 'connect']
Exception occured during communications: connect: Connection refused [system:61 at /opt/homebrew/include/boost/asio/detail/reactive_socket_service.hpp:587:33 in function 'connect']
Exception occured during communications: connect: Connection refused [system:61 at /opt/homebrew/include/boost/asio/detail/reactive_socket_service.hpp:587:33 in function 'connect']
Exception occured during communications: connect: Connection refused [system:61 at /opt/homebrew/include/boost/asio/detail/reactive_socket_service.hpp:587:33 in function 'connect']
Exception occured during communications: connect: Connection refused [system:61 at /opt/homebrew/include/boost/asio/detail/reactive_socket_service.hpp:587:33 in function 'connect']
Exception occured during communications: connect: Connection refused [system:61 at /opt/homebrew/include/boost/asio/detail/reactive_socket_service.hpp:587:33 in function 'connect']
Exception occured during communications: connect: Connection refused [system:61 at /opt/homebrew/include/boost/asio/detail/reactive_socket_service.hpp:587:33 in function 'connect']
Exception occured during communications: connect: Connection refused [system:61 at /opt/homebrew/include/boost/asio/detail/reactive_socket_service.hpp:587:33 in function 'connect']
Exception occured during communications: connect: Connection refused [system:61 at /opt/homebrew/include/boost/asio/detail/reactive_socket_service.hpp:587:33 in function 'connect']
Exception occured during communications: connect: Connection refused [system:61 at /opt/homebrew/include/boost/asio/detail/reactive_socket_service.hpp:587:33 in function 'connect']
Exception occured during communications: connect: Connection refused [system:61 at /opt/homebrew/include/boost/asio/detail/reactive_socket_service.hpp:587:33 in function 'connect']
Exception occured during communications: connect: Connection refused [system:61 at /opt/homebrew/include/boost/asio/detail/reactive_socket_service.hpp:587:33 in function 'connect']
Exception occured during communications: connect: Connection refused [system:61 at /opt/homebrew/include/boost/asio/detail/reactive_socket_service.hpp:587:33 in function 'connect']
Exception occured during communications: connect: Connection refused [system:61 at /opt/homebrew/include/boost/asio/detail/reactive_socket_service.hpp:587:33 in function 'connect']
Exception occured during communications: connect: Connection refused [system:61 at /opt/homebrew/include/boost/asio/detail/reactive_socket_service.hpp:587:33 in function 'connect']
Exception occured during communications: connect: Connection refused [system:61 at /opt/homeTrainer unavailable after 50 consecutive requests; stopping workers.
brew/include/boost/asio/detail/reactive_socket_service.hpp:587:33 in function 'connect']
Exception occured during communications: connect: Connection refused [system:61 at /opt/homebrew/include/boost/asio/detail/reactive_socket_service.hpp:587:33 in function 'connect']
Exception occured during communications: connect: Connection refused [system:61 at /opt/homebrew/include/boost/asio/detail/reactive_socket_service.hpp:587:33 in function 'connect']
Exception occured during communications: connect: Connection refused [system:61 at /opt/homebrew/include/boost/asio/detail/reactive_socket_service.hpp:587:33 in function 'connect']
Exception occured during communications: connect: Connection refused [system:61 at /opt/homebrew/include/boost/asio/detail/reactive_socket_service.hpp:587:33 in function 'connect']
Exception occured during communications: connect: Connection refused [system:61 at /opt/homebrew/include/boost/asio/detail/reactive_socket_service.hpp:587:33 in function 'connect']
Exception occured during communications: connect: Connection refused [system:61 at /opt/homebrew/include/boost/asio/detail/reactive_socket_service.hpp:587:33 in function 'connect']
Exception occured during communications: connect: Connection refused [system:61 at /opt/homebrew/include/boost/asio/detail/reactive_socket_service.hpp:587:33 in function 'connect']
Exception occured during communications: connect: Connection refused [system:61 at /opt/homebrew/include/boost/asio/detail/reactive_socket_service.hpp:587:33 in function 'connect']
Exception occured during communications: connect: Connection refused [system:61 at /opt/homebrew/include/boost/asio/detail/reactive_socket_service.hpp:587:33 in function 'connect']
Exception occured during communications: connect: Connection refused [system:61 at /opt/homebrew/include/boost/asio/detail/reactive_socket_service.hpp:587:33 in function 'connect']
Exception occured during communications: connect: Connection refused [system:61 at /opt/homebrew/include/boost/asio/detail/reactive_socket_service.hpp:587:33 in function 'connect']
Exception occured during communications: connect: Connection refused [system:61 at /opt/homebrew/include/boost/asio/detail/reactive_socket_service.hpp:587:33 in function 'connect']
Exception occured during communications: connect: Connection refused [system:61 at /opt/homebrew/include/boost/asio/detail/reactive_socket_service.hpp:587:33 in function 'connect']
Exception occured during communications: connect: Connection refused [system:61 at /opt/homebrew/include/boost/asio/detail/reactive_socket_service.hpp:587:33 in function 'connect']
Exception occured during communications: connect: Connection refused [system:61 at /opt/homebrew/include/boost/asio/detail/reactive_socket_service.hpp:587:33 in function 'connect']
Exception occured during communications: connect: Connection refused [system:61 at /opt/homebrew/include/boost/asio/detail/reactive_socket_service.hpp:587:33 in function 'connect']
Completed 643697 evaluations.
